  Determining projects to restore...
  All projects are up-to-date for restore.
  Aiursoft.MusicExam.Entities -> /home/anduin/Desktop/musicexam/src/Aiursoft.MusicExam.Entities/bin/Debug/net10.0/Aiursoft.MusicExam.Entities.dll
  Aiursoft.MusicExam.Sqlite -> /home/anduin/Desktop/musicexam/src/Aiursoft.MusicExam.Sqlite/bin/Debug/net10.0/Aiursoft.MusicExam.Sqlite.dll
  Aiursoft.MusicExam.InMemory -> /home/anduin/Desktop/musicexam/src/Aiursoft.MusicExam.InMemory/bin/Debug/net10.0/Aiursoft.MusicExam.InMemory.dll
  Aiursoft.MusicExam.MySql -> /home/anduin/Desktop/musicexam/src/Aiursoft.MusicExam.MySql/bin/Debug/net10.0/Aiursoft.MusicExam.MySql.dll
  Aiursoft.MusicExam -> /home/anduin/Desktop/musicexam/src/Aiursoft.MusicExam/bin/Debug/net10.0/Aiursoft.MusicExam.dll
/home/anduin/Desktop/musicexam/tests/IntegrationTests/BasicTests.cs(5,1): error CS1529: A using clause must precede all other elements defined in the namespace except extern alias declarations [/home/anduin/Desktop/musicexam/tests/Aiursoft.MusicExam.Tests.csproj]
/home/anduin/Desktop/musicexam/tests/IntegrationTests/BasicTests.cs(6,1): error CS1529: A using clause must precede all other elements defined in the namespace except extern alias declarations [/home/anduin/Desktop/musicexam/tests/Aiursoft.MusicExam.Tests.csproj]
/home/anduin/Desktop/musicexam/tests/IntegrationTests/BasicTests.cs(7,1): error CS1529: A using clause must precede all other elements defined in the namespace except extern alias declarations [/home/anduin/Desktop/musicexam/tests/Aiursoft.MusicExam.Tests.csproj]
